GitHub nalog: https://github.com/IvanaStrijelic


Napred je spisak naredbi koriscenih za rad ovog domaceg zadatka.


Ivana@DESKTOP-C013EIG MINGW64 ~/Desktop
$ git clone https://github.com/IvanaStrijelic/bootcampVezbanje.git
Cloning into 'bootcampVezbanje'...
remote: Enumerating objects: 3, done.
remote: Counting objects: 100% (3/3), done.
remote: Total 3 (delta 0), reused 0 (delta 0), pack-reused 0
Receiving objects: 100% (3/3), done.

Ivana@DESKTOP-C013EIG MINGW64 ~/Desktop
$


--------------------------------------------------------------

Ivana@DESKTOP-C013EIG MINGW64 ~/Desktop/bootcampVezbanje (main)
$ git status
On branch main
Your branch is up to date with 'origin/main'.

Untracked files:
  (use "git add <file>..." to include in what will be committed)
        Ivana Strijelic/

nothing added to commit but untracked files present (use "git add" to track)

Ivana@DESKTOP-C013EIG MINGW64 ~/Desktop/bootcampVezbanje (main)
$ git add Ivana Strijelic
fatal: pathspec 'Ivana' did not match any files

Ivana@DESKTOP-C013EIG MINGW64 ~/Desktop/bootcampVezbanje (main)
$ git add Ivana Strijelic/
fatal: pathspec 'Ivana' did not match any files

Ivana@DESKTOP-C013EIG MINGW64 ~/Desktop/bootcampVezbanje (main)
$ git add Ivana_Strijelic
fatal: pathspec 'Ivana_Strijelic' did not match any files

Ivana@DESKTOP-C013EIG MINGW64 ~/Desktop/bootcampVezbanje (main)
$ git add .

Ivana@DESKTOP-C013EIG MINGW64 ~/Desktop/bootcampVezbanje (main)
$ git status
On branch main
Your branch is up to date with 'origin/main'.

Changes to be committed:
  (use "git restore --staged <file>..." to unstage)
        new file:   Ivana Strijelic/IvanaStrijelic.txt


Ivana@DESKTOP-C013EIG MINGW64 ~/Desktop/bootcampVezbanje (main)
$ git commit -m "Kreiran folder Ivana Strijelic, i fajl IvanaStrijelic.txt"
[main 0261c6e] Kreiran folder Ivana Strijelic, i fajl IvanaStrijelic.txt
 1 file changed, 4 insertions(+)
 create mode 100644 Ivana Strijelic/IvanaStrijelic.txt

Ivana@DESKTOP-C013EIG MINGW64 ~/Desktop/bootcampVezbanje (main)
$ git status
On branch main
Your branch is ahead of 'origin/main' by 1 commit.
  (use "git push" to publish your local commits)

Changes not staged for commit:
  (use "git add <file>..." to update what will be committed)
  (use "git restore <file>..." to discard changes in working directory)
        modified:   vezba1.txt

no changes added to commit (use "git add" and/or "git commit -a")

Ivana@DESKTOP-C013EIG MINGW64 ~/Desktop/bootcampVezbanje (main)
$ git add vezba1.txt

Ivana@DESKTOP-C013EIG MINGW64 ~/Desktop/bootcampVezbanje (main)
$ git commit -m "Izmenjen fajl vezba1.txt"
[main 5d01ecd] Izmenjen fajl vezba1.txt
 1 file changed, 1 insertion(+)

Ivana@DESKTOP-C013EIG MINGW64 ~/Desktop/bootcampVezbanje (main)
$ git push
Enumerating objects: 9, done.
Counting objects: 100% (9/9), done.
Delta compression using up to 4 threads
Compressing objects: 100% (6/6), done.
Writing objects: 100% (7/7), 746 bytes | 186.00 KiB/s, done.
Total 7 (delta 0), reused 0 (delta 0), pack-reused 0
To https://github.com/IvanaStrijelic/bootcampVezbanje.git
   c44b21b..5d01ecd  main -> main

Ivana@DESKTOP-C013EIG MINGW64 ~/Desktop/bootcampVezbanje (main)
$ git log
commit 5d01ecdfdeac64bf712b025eb9b1e340040f3b89 (HEAD -> main, origin/main, origin/HEAD)
Author: Ivana Strijelic <ivanastrijelic@gmail.com>
Date:   Wed Sep 15 10:36:08 2021 -0700

    Izmenjen fajl vezba1.txt

commit 0261c6eb3d8675b711f38ae92eb3f874a1d22550
Author: Ivana Strijelic <ivanastrijelic@gmail.com>
Date:   Wed Sep 15 10:32:59 2021 -0700

    Kreiran folder Ivana Strijelic, i fajl IvanaStrijelic.txt

commit c44b21becd7f69a7cb27a4564d7f7175abd6478a
Author: IvanaStrijelic <90472570+IvanaStrijelic@users.noreply.github.com>
Date:   Wed Sep 15 00:50:32 2021 -0700

    Create vezba1.txt

    Kreiran je fajl vezba1.txt.

Ivana@DESKTOP-C013EIG MINGW64 ~/Desktop/bootcampVezbanje (main)
$
